Microsoft (R) Macro Assembler Version 6.11		    02/10/23 13:14:27
demo.asm						     Page 1 - 1


				;;; Professor Bailey
				;;; Spring 2023
				
				include cs240.inc
			      C .NOLIST
			      C .LIST
			      C 
					
 = 4C00				DOSEXIT = 4C00h
 = 0021				DOS = 21h
				
				mWriteLine MACRO text
					local string.datastring	BYTE	text, 0
				.code		push	dx	mov	dx, OFFSET string
					call	WriteString	call	NewLine	pop	dxENDM
				
				FatalError MACRO text
					local string.datastring	BYTE	text, 0
				.code		push	dx	mov	dx, OFFSET string
					call	WriteString	call	NewLine	pop	dx	mov	ax, DOSEXIT	int	DOSENDM
				
				.8086
				
				.data
					
				filename	BYTE	"data.dat", 0
				
				.code
				
				openFile PROC
					comment !
				AH = 3Dh
				AL = access and sharing modes (see #01402)
				DS:DX -> ASCIZ filename
				CL = attribute mask of files to look for (server call only)
				
				Return:
				CF clear if successful
				AX = file handle
 0000				CF set on error
				AX = error code (01h,02h,03h,04h,05h,0Ch,56h) (see #01680 at AH=59h)
 0000 64 61 74 61 2E 64		
       61 74 00
					!
 0000					ret
				openFile ENDP
 0000				
				
					;; Open: 3D
					;; Read: 3F
				
				main PROC
					mov	ax, @data	; Setup the data segment
					mov	ds, ax
				
					;; Start of DOS program...
				
					call	OpenFile
				
					mov	ax, DOSEXIT	; Signal DOS that we are done
 0000  C3				int	DOS
 0001				main ENDP
				END main
 0001
 0001  B8 ---- R
 0004  8E D8
 0006  E8 FFF7
 0009  B8 4C00
 000C  CD 21
 000E
Microsoft (R) Macro Assembler Version 6.11		    02/10/23 13:14:27
demo.asm						     Symbols 2 - 1




Macros:

                N a m e                 Type

FatalError . . . . . . . . . . .	Proc
mWriteLine . . . . . . . . . . .	Proc


Segments and Groups:

                N a m e                 Size     Length   Align   Combine Class

DGROUP . . . . . . . . . . . . .	GROUP
_DATA  . . . . . . . . . . . . .	16 Bit	 0009	  Word	  Public  'DATA'	
STACK  . . . . . . . . . . . . .	16 Bit	 0200	  Para	  Stack	  'STACK'	 
_TEXT  . . . . . . . . . . . . .	16 Bit	 000E	  Word	  Public  'CODE'	


Procedures,  parameters and locals:

                N a m e                 Type     Value    Attr

DumpLongRegs . . . . . . . . . .	P Near	 0000	  Length= 0000 External C
DumpMem  . . . . . . . . . . . .	P Near	 0000	  Length= 0000 External C
DumpRegs . . . . . . . . . . . .	P Near	 0000	  Length= 0000 External C
GetMseconds  . . . . . . . . . .	P Near	 0000	  Length= 0000 External C
NewLine  . . . . . . . . . . . .	P Near	 0000	  Length= 0000 External C
PrintVersion . . . . . . . . . .	P Near	 0000	  Length= 0000 External C
Random32 . . . . . . . . . . . .	P Near	 0000	  Length= 0000 External C
RandomRange  . . . . . . . . . .	P Near	 0000	  Length= 0000 External C
Randomize  . . . . . . . . . . .	P Near	 0000	  Length= 0000 External C
ReadChar . . . . . . . . . . . .	P Near	 0000	  Length= 0000 External C
ReadHexByte  . . . . . . . . . .	P Near	 0000	  Length= 0000 External C
ReadHexDigit . . . . . . . . . .	P Near	 0000	  Length= 0000 External C
ReadHexDoubleWord  . . . . . . .	P Near	 0000	  Length= 0000 External C
ReadHexWord  . . . . . . . . . .	P Near	 0000	  Length= 0000 External C
ReadInt  . . . . . . . . . . . .	P Near	 0000	  Length= 0000 External C
ReadLine . . . . . . . . . . . .	P Near	 0000	  Length= 0000 External C
ReadUInt . . . . . . . . . . . .	P Near	 0000	  Length= 0000 External C
SkipToEOL  . . . . . . . . . . .	P Near	 0000	  Length= 0000 External C
Version  . . . . . . . . . . . .	P Near	 0000	  Length= 0000 External C
WriteBit . . . . . . . . . . . .	P Near	 0000	  Length= 0000 External C
WriteCSString  . . . . . . . . .	P Near	 0000	  Length= 0000 External C
WriteChar  . . . . . . . . . . .	P Near	 0000	  Length= 0000 External C
WriteHexByte . . . . . . . . . .	P Near	 0000	  Length= 0000 External C
WriteHexDigit  . . . . . . . . .	P Near	 0000	  Length= 0000 External C
WriteHexDoubleWord . . . . . . .	P Near	 0000	  Length= 0000 External C
WriteHexWord . . . . . . . . . .	P Near	 0000	  Length= 0000 External C
WriteInt . . . . . . . . . . . .	P Near	 0000	  Length= 0000 External C
WriteString  . . . . . . . . . .	P Near	 0000	  Length= 0000 External C
WriteUInt  . . . . . . . . . . .	P Near	 0000	  Length= 0000 External C
main . . . . . . . . . . . . . .	P Near	 0001	  _TEXT	Length= 000D Public C
openFile . . . . . . . . . . . .	P Near	 0000	  _TEXT	Length= 0001 Public C


Symbols:

                N a m e                 Type     Value    Attr

@CodeSize  . . . . . . . . . . .	Number	 0000h	 
@DataSize  . . . . . . . . . . .	Number	 0000h	 
@Interface . . . . . . . . . . .	Number	 0001h	 
@Model . . . . . . . . . . . . .	Number	 0002h	 
@code  . . . . . . . . . . . . .	Text   	 _TEXT
@data  . . . . . . . . . . . . .	Text   	 DGROUP
@fardata?  . . . . . . . . . . .	Text   	 FAR_BSS
@fardata . . . . . . . . . . . .	Text   	 FAR_DATA
@stack . . . . . . . . . . . . .	Text   	 DGROUP
DOSEXIT  . . . . . . . . . . . .	Number	 4C00h	 
DOS  . . . . . . . . . . . . . .	Number	 0021h	 
filename . . . . . . . . . . . .	Byte	 0000	  _DATA	

	   0 Warnings
	   0 Errors
